mypy (strict type checking)..............................................[41mFailed[m
[2m- hook id: mypy[m
[2m- exit code: 1[m

tests/test_sentinel2.py:32: [1m[31merror:(B[m Cannot find implementation or library stub
for module named (B[m[1m"tests.utils"(B[m  (B[m[33m[import-not-found](B[m
[2;10m    from tests.utils import TestCases(B[m
[31m    ^(B[m
tests/test_sentinel2.py:32: [34mnote:(B[m See [4mhttps://mypy.readthedocs.io/en/stable/running_mypy.html#missing-imports(B[m(B[m
[1m[31mFound 1 error in 1 file (checked 4 source files)(B[m

ruff (format)............................................................[41mFailed[m
[2m- hook id: ruff-format[m
[2m- exit code: 1[m

[1m[91munformatted:[0m[1m File would be reformatted[0m
   [1m[94m--> [0msrc/pystac/extensions/sentinel2.py:61:45
[1m[94m   [0m [1m[94m|[0m
[1m[94m60 [0m [1m[94m|[0m MEDIUM_PROBA_CLOUDS_PERCENTAGE_PROP = PREFIX + "medium_proba_clouds_percentage"
[1m[94m   [0m [1m[31m-[0m [31mSATURATED_DEFECTIVE_PIXEL_PERCENTAGE_PROP = [0m[1m[31m([0m[0m[31m
[0m[1m[94m   [0m [1m[31m-[0m [1m[31m    [0m[0m[31mPREFIX + "saturated_defective_pixel_percentage"
[0m[1m[94m   [0m [1m[31m-[0m [1m[31m)[0m[0m[31m
[0m[1m[94m61 [0m [1m[32m+[0m [32mSATURATED_DEFECTIVE_PIXEL_PERCENTAGE_PROP = [0m[32mPREFIX + "saturated_defective_pixel_percentage"
[0m[1m[94m62 [0m [1m[94m|[0m REFLECTANCE_CONVERSION_FACTOR_PROP = PREFIX + "reflectance_conversion_factor"
--------------------------------------------------------------------------------
[1m[94m493[0m [1m[94m|[0m         return map_opt(
[1m[94m   [0m [1m[31m-[0m [31m            lambda s: [0m[1m[31mRangeSummary([0m[0m[31m
[0m[1m[94m   [0m [1m[31m-[0m [1m[31m                str_to_datetime(s.minimum),[0m[0m[31m [0m[1m[31mstr_to_datetime(s.maximum)[0m[0m[31m
[0m[1m[94m   [0m [1m[31m-[0m [1m[31m            ),[0m[0m[31m
[0m[1m[94m494[0m [1m[32m+[0m [32m            lambda s: [0m[1m[32mRangeSummary(str_to_datetime(s.minimum),[0m[0m[32m [0m[1m[32mstr_to_datetime(s.maximum)),[0m[0m[32m
[0m[1m[94m495[0m [1m[94m|[0m             self.summaries.get_range(GENERATION_TIME_PROP),
--------------------------------------------------------------------------------
[1m[94m502[0m [1m[94m|[0m             map_opt(
[1m[94m   [0m [1m[31m-[0m [31m                lambda s: [0m[1m[31mRangeSummary([0m[0m[31m
[0m[1m[94m   [0m [1m[31m-[0m [1m[31m                    datetime_to_str(s.minimum),[0m[0m[31m [0m[1m[31mdatetime_to_str(s.maximum)[0m[0m[31m
[0m[1m[94m   [0m [1m[31m-[0m [1m[31m                ),[0m[0m[31m
[0m[1m[94m503[0m [1m[32m+[0m [32m                lambda s: [0m[1m[32mRangeSummary(datetime_to_str(s.minimum),[0m[0m[32m [0m[1m[32mdatetime_to_str(s.maximum)),[0m[0m[32m
[0m[1m[94m504[0m [1m[94m|[0m                 v,
--------------------------------------------------------------------------------
[1m[94m632[0m [1m[94m|[0m     @saturated_defective_pixel_percentage.setter
[1m[94m   [0m [1m[31m-[0m [31m    def [0m[1m[31msaturated_defective_pixel_percentage([0m[0m[31m
[0m[1m[94m   [0m [1m[31m-[0m [1m[31m        self,[0m[0m[31m v: RangeSummary[float] | [0m[1m[31mNone[0m[0m[31m
[0m[1m[94m   [0m [1m[31m-[0m [1m[31m    )[0m[0m[31m -> None:
[0m[1m[94m633[0m [1m[32m+[0m [32m    def [0m[1m[32msaturated_defective_pixel_percentage(self,[0m[0m[32m v: RangeSummary[float] | [0m[1m[32mNone)[0m[0m[32m -> None:
[0m[1m[94m634[0m [1m[94m|[0m         self._set_summary(SATURATED_DEFECTIVE_PIXEL_PERCENTAGE_PROP, v)
[1m[94m   [0m [1m[94m|[0m

[1m[91munformatted:[0m[1m File would be reformatted[0m
   [1m[94m--> [0mtests/test_sentinel2.py:50:33
[1m[94m   [0m [1m[94m|[0m
[1m[94m49 [0m [1m[94m|[0m def collection() -> Collection:
[1m[94m   [0m [1m[31m-[0m [31m    return [0m[1m[31mCollection.from_file([0m[0m[31m
[0m[1m[94m   [0m [1m[31m-[0m [1m[31m        TestCases.get_path("data-files/collections/multi-extent.json")[0m[0m[31m
[0m[1m[94m   [0m [1m[31m-[0m [1m[31m    )[0m[0m[31m
[0m[1m[94m50 [0m [1m[32m+[0m [32m    return [0m[1m[32mCollection.from_file(TestCases.get_path("data-files/collections/multi-extent.json"))[0m[0m[32m
[0m[1m[94m51 [0m [1m[94m|[0m
--------------------------------------------------------------------------------
[1m[94m57 [0m [1m[94m|[0m def test_item_repr(item: Item) -> None:
[1m[94m   [0m [1m[31m-[0m [31m    assert (
[0m[1m[94m   [0m [1m[31m-[0m [31m        Sentinel2Extension.ext(item).__repr__()
[0m[1m[94m   [0m [1m[31m-[0m [31m        == f"<ItemSentinel2Extension Item id={item.id}>"
[0m[1m[94m   [0m [1m[31m-[0m [31m    )
[0m[1m[94m58 [0m [1m[32m+[0m [32m    assert Sentinel2Extension.ext(item).__repr__() == f"<ItemSentinel2Extension Item id={item.id}>"
[0m[1m[94m59 [0m [1m[94m|[0m
--------------------------------------------------------------------------------
[1m[94m86 [0m [1m[94m|[0m     ext = Sentinel2Extension.ext(item)
[1m[94m   [0m [1m[31m-[0m [31m    assert ext.tile_id == [0m[1m[31m([0m[0m[31m
[0m[1m[94m   [0m [1m[31m-[0m [1m[31m        "S2B_OPER_MSI_L2A_TL_SGS__20200102T030405_A012345_T32TQM_N02.09"[0m[0m[31m
[0m[1m[94m   [0m [1m[31m-[0m [1m[31m    )[0m[0m[31m
[0m[1m[94m87 [0m [1m[32m+[0m [32m    assert ext.tile_id == [0m[1m[32m("S2B_OPER_MSI_L2A_TL_SGS__20200102T030405_A012345_T32TQM_N02.09")[0m[0m[32m
[0m[1m[94m88 [0m [1m[94m|[0m     assert ext.datatake_id == "GS2B_20200102T030405_012345_N02.09"
[1m[94m   [0m [1m[31m-[0m [31m    assert (
[0m[1m[94m   [0m [1m[31m-[0m [31m        ext.product_uri
[0m[1m[94m   [0m [1m[31m-[0m [31m        == "S2B_MSIL2A_20200101T103029_N0213_R108_T32TQM_20200101T132423.SAFE"
[0m[1m[94m   [0m [1m[31m-[0m [31m    )
[0m[1m[94m   [0m [1m[31m-[0m [31m    assert (
[0m[1m[94m   [0m [1m[31m-[0m [31m        ext.datastrip_id
[0m[1m[94m   [0m [1m[31m-[0m [31m        == "S2B_OPER_MSI_L2A_DS_SGS__20200102T030405_S20200101T103029_N02.09"
[0m[1m[94m   [0m [1m[31m-[0m [31m    )
[0m[1m[94m89 [0m [1m[32m+[0m [32m    assert ext.product_uri == "S2B_MSIL2A_20200101T103029_N0213_R108_T32TQM_20200101T132423.SAFE"
[0m[1m[94m90 [0m [1m[32m+[0m [32m    assert ext.datastrip_id == "S2B_OPER_MSI_L2A_DS_SGS__20200102T030405_S20200101T103029_N02.09"
[0m[1m[94m91 [0m [1m[94m|[0m     assert ext.datatake_type == "INS-NOBS"
--------------------------------------------------------------------------------
[1m[94m119[0m [1m[94m|[0m             "datetime": "2020-01-01T00:00:00Z",
[1m[94m   [0m [1m[31m-[0m [31m            "s2:tile_id": [0m[1m[31m([0m[0m[31m
[0m[1m[94m   [0m [1m[31m-[0m [1m[31m                "S2A_OPER_MSI_L1C_TL_SGS__20200101T000000_A012345_T32TQM_N02.09"[0m[0m[31m
[0m[1m[94m   [0m [1m[31m-[0m [1m[31m            ),[0m[0m[31m
[0m[1m[94m120[0m [1m[32m+[0m [32m            "s2:tile_id": [0m[1m[32m("S2A_OPER_MSI_L1C_TL_SGS__20200101T000000_A012345_T32TQM_N02.09"),[0m[0m[32m
[0m[1m[94m121[0m [1m[94m|[0m             "s2:reflectance_conversion_factor": 1.032,
--------------------------------------------------------------------------------
[1m[94m130[0m [1m[94m|[0m     ext = Sentinel2Extension.ext(item)
[1m[94m   [0m [1m[31m-[0m [31m    assert [0m[1m[31m([0m[0m[31m
[0m[1m[94m   [0m [1m[31m-[0m [1m[31m        [0m[0m[31mext.tile_id == "S2A_OPER_MSI_L1C_TL_SGS__20200101T000000_A012345_T32TQM_N02.09"
[0m[1m[94m   [0m [1m[31m-[0m [1m[31m    )[0m[0m[31m
[0m[1m[94m131[0m [1m[32m+[0m [32m    assert [0m[32mext.tile_id == "S2A_OPER_MSI_L1C_TL_SGS__20200101T000000_A012345_T32TQM_N02.09"
[0m[1m[94m132[0m [1m[94m|[0m     assert ext.reflectance_conversion_factor == 1.032
[1m[94m   [0m [1m[94m|[0m

2 files would be reformatted, 2 files already formatted

ruff (check and McCabe complexity).......................................[41mFailed[m
[2m- hook id: ruff[m
[2m- exit code: 1[m

[1m[91m]8;;https://docs.astral.sh/ruff/rules/unsorted-imports\I001]8;;\[0m [[1m[96m*[0m][1m Import block is un-sorted or un-formatted[0m
  [1m[94m--> [0msrc/pystac/extensions/sentinel2.py:17:1
   [1m[94m|[0m
[1m[94m15[0m [1m[94m|[0m   """Implements the :stac-ext:`Sentinel-2 Extension <sentinel-2>`."""
[1m[94m16[0m [1m[94m|[0m
[1m[94m17[0m [1m[94m|[0m [1m[91m/[0m from __future__ import annotations
[1m[94m18[0m [1m[94m|[0m [1m[91m|[0m
[1m[94m19[0m [1m[94m|[0m [1m[91m|[0m import re
[1m[94m20[0m [1m[94m|[0m [1m[91m|[0m from datetime import datetime
[1m[94m21[0m [1m[94m|[0m [1m[91m|[0m from typing import Any, Generic, Literal, TypeVar, cast
[1m[94m22[0m [1m[94m|[0m [1m[91m|[0m
[1m[94m23[0m [1m[94m|[0m [1m[91m|[0m import pystac
[1m[94m24[0m [1m[94m|[0m [1m[91m|[0m from pystac.extensions.base import (
[1m[94m25[0m [1m[94m|[0m [1m[91m|[0m     ExtensionManagementMixin,
[1m[94m26[0m [1m[94m|[0m [1m[91m|[0m     PropertiesExtension,
[1m[94m27[0m [1m[94m|[0m [1m[91m|[0m     SummariesExtension,
[1m[94m28[0m [1m[94m|[0m [1m[91m|[0m )
[1m[94m29[0m [1m[94m|[0m [1m[91m|[0m from pystac.extensions.hooks import ExtensionHooks
[1m[94m30[0m [1m[94m|[0m [1m[91m|[0m from pystac.summaries import RangeSummary
[1m[94m31[0m [1m[94m|[0m [1m[91m|[0m from pystac.utils import datetime_to_str, map_opt, str_to_datetime
   [1m[94m|[0m [1m[91m|__________________________________________________________________^[0m
[1m[94m32[0m [1m[94m|[0m
[1m[94m33[0m [1m[94m|[0m   T = TypeVar("T", bound=pystac.Item)
   [1m[94m|[0m
[1m[96mhelp[0m[1m: Organize imports[0m
[1m[94m  [0m [1m[94m|[0m
[1m[94m22[0m [1m[94m|[0m
[1m[94m  [0m [1m[31m-[0m [31mimport pystac
[0m[1m[94m23[0m [1m[94m|[0m from pystac.extensions.base import (
--------------------------------------------------------------------------------
[1m[94m31[0m [1m[94m|[0m
[1m[94m32[0m [1m[32m+[0m [32mimport pystac
[0m[1m[94m33[0m [1m[32m+[0m[32m
[0m[1m[94m34[0m [1m[94m|[0m T = TypeVar("T", bound=pystac.Item)
[1m[94m  [0m [1m[94m|[0m

[1m[91m]8;;https://docs.astral.sh/ruff/rules/typing-only-standard-library-import\TC003]8;;\[0m[1m Move standard library import `datetime.datetime` into a type-checking block[0m
  [1m[94m--> [0msrc/pystac/extensions/sentinel2.py:20:22
   [1m[94m|[0m
[1m[94m19[0m [1m[94m|[0m import re
[1m[94m20[0m [1m[94m|[0m from datetime import datetime
   [1m[94m|[0m                      [1m[91m^^^^^^^^[0m
[1m[94m21[0m [1m[94m|[0m from typing import Any, Generic, Literal, TypeVar, cast
   [1m[94m|[0m
[1m[96mhelp[0m[1m: Move into type-checking block[0m

[1m[91m]8;;https://docs.astral.sh/ruff/rules/magic-value-comparison\PLR2004]8;;\[0m[1m Magic value used in comparison, consider replacing `100` with a constant variable[0m
   [1m[94m--> [0msrc/pystac/extensions/sentinel2.py:109:22
    [1m[94m|[0m
[1m[94m107[0m [1m[94m|[0m     if v is None:
[1m[94m108[0m [1m[94m|[0m         return None
[1m[94m109[0m [1m[94m|[0m     if not 0 <= v <= 100:
    [1m[94m|[0m                      [1m[91m^^^[0m
[1m[94m110[0m [1m[94m|[0m         raise ValueError(f"{prop} must be between 0 and 100. Got: {v}")
[1m[94m111[0m [1m[94m|[0m     return v
    [1m[94m|[0m

[1m[91m]8;;https://docs.astral.sh/ruff/rules/too-many-arguments\PLR0913]8;;\[0m[1m Too many arguments in function definition (26 > 6)[0m
   [1m[94m--> [0msrc/pystac/extensions/sentinel2.py:121:9
    [1m[94m|[0m
[1m[94m119[0m [1m[94m|[0m     name: Literal["s2"] = "s2"
[1m[94m120[0m [1m[94m|[0m
[1m[94m121[0m [1m[94m|[0m     def apply(
    [1m[94m|[0m         [1m[91m^^^^^[0m
[1m[94m122[0m [1m[94m|[0m         self,
[1m[94m123[0m [1m[94m|[0m         tile_id: str | None = None,
    [1m[94m|[0m
[1m[96mhelp[0m[1m: Consider adding `@typing.override` if changing the function signature would violate the Liskov Substitution Principle[0m

[1m[91m]8;;https://docs.astral.sh/ruff/rules/too-many-positional-arguments\PLR0917]8;;\[0m[1m Too many positional arguments (26 > 6)[0m
   [1m[94m--> [0msrc/pystac/extensions/sentinel2.py:121:9
    [1m[94m|[0m
[1m[94m119[0m [1m[94m|[0m     name: Literal["s2"] = "s2"
[1m[94m120[0m [1m[94m|[0m
[1m[94m121[0m [1m[94m|[0m     def apply(
    [1m[94m|[0m         [1m[91m^^^^^[0m
[1m[94m122[0m [1m[94m|[0m         self,
[1m[94m123[0m [1m[94m|[0m         tile_id: str | None = None,
    [1m[94m|[0m
[1m[96mhelp[0m[1m: Consider adding `@typing.override` if changing the function signature would violate the Liskov Substitution Principle[0m

[1m[91m]8;;https://docs.astral.sh/ruff/rules/runtime-cast-value\TC006]8;;\[0m [[1m[96m*[0m][1m Add quotes to type expression in `typing.cast()`[0m
   [1m[94m--> [0msrc/pystac/extensions/sentinel2.py:407:25
    [1m[94m|[0m
[1m[94m405[0m [1m[94m|[0m         if isinstance(obj, pystac.Item):
[1m[94m406[0m [1m[94m|[0m             cls.ensure_has_extension(obj, add_if_missing)
[1m[94m407[0m [1m[94m|[0m             return cast(Sentinel2Extension[T], ItemSentinel2Extension(obj))
    [1m[94m|[0m                         [1m[91m^^^^^^^^^^^^^^^^^^^^^[0m
[1m[94m408[0m [1m[94m|[0m         raise pystac.ExtensionTypeError(cls._ext_error_message(obj))
    [1m[94m|[0m
[1m[96mhelp[0m[1m: Add quotes[0m
[1m[94m   [0m [1m[94m|[0m
[1m[94m406[0m [1m[94m|[0m             cls.ensure_has_extension(obj, add_if_missing)
[1m[94m   [0m [1m[31m-[0m [31m            return [0m[1m[31mcast(Sentinel2Extension[T],[0m[0m[31m ItemSentinel2Extension(obj))
[0m[1m[94m407[0m [1m[32m+[0m [32m            return [0m[1m[32mcast("Sentinel2Extension[T]",[0m[0m[32m ItemSentinel2Extension(obj))
[0m[1m[94m408[0m [1m[94m|[0m         raise pystac.ExtensionTypeError(cls._ext_error_message(obj))
[1m[94m   [0m [1m[94m|[0m

[1m[91m]8;;https://docs.astral.sh/ruff/rules/runtime-cast-value\TC006]8;;\[0m [[1m[96m*[0m][1m Add quotes to type expression in `typing.cast()`[0m
   [1m[94m--> [0msrc/pystac/extensions/sentinel2.py:432:21
    [1m[94m|[0m
[1m[94m430[0m [1m[94m|[0m class SummariesSentinel2Extension(SummariesExtension):
[1m[94m431[0m [1m[94m|[0m     def _get_list(self, prop: str) -> list[str] | None:
[1m[94m432[0m [1m[94m|[0m         return cast(list[str] | None, self.summaries.get_list(prop))
    [1m[94m|[0m                     [1m[91m^^^^^^^^^^^^^^^^[0m
[1m[94m433[0m [1m[94m|[0m
[1m[94m434[0m [1m[94m|[0m     def _get_range(self, prop: str) -> RangeSummary[float] | None:
    [1m[94m|[0m
[1m[96mhelp[0m[1m: Add quotes[0m
[1m[94m   [0m [1m[94m|[0m
[1m[94m431[0m [1m[94m|[0m     def _get_list(self, prop: str) -> list[str] | None:
[1m[94m   [0m [1m[31m-[0m [31m        return [0m[1m[31mcast(list[str][0m[0m[31m | [0m[1m[31mNone,[0m[0m[31m self.summaries.get_list(prop))
[0m[1m[94m432[0m [1m[32m+[0m [32m        return [0m[1m[32mcast("list[str][0m[0m[32m | [0m[1m[32mNone",[0m[0m[32m self.summaries.get_list(prop))
[0m[1m[94m433[0m [1m[94m|[0m
[1m[94m   [0m [1m[94m|[0m

[1m[91m]8;;https://docs.astral.sh/ruff/rules/runtime-cast-value\TC006]8;;\[0m [[1m[96m*[0m][1m Add quotes to type expression in `typing.cast()`[0m
   [1m[94m--> [0msrc/pystac/extensions/sentinel2.py:435:21
    [1m[94m|[0m
[1m[94m434[0m [1m[94m|[0m     def _get_range(self, prop: str) -> RangeSummary[float] | None:
[1m[94m435[0m [1m[94m|[0m         return cast(RangeSummary[float] | None, self.summaries.get_range(prop))
    [1m[94m|[0m                     [1m[91m^^^^^^^^^^^^^^^^^^^^^^^^^^[0m
[1m[94m436[0m [1m[94m|[0m
[1m[94m437[0m [1m[94m|[0m     @property
    [1m[94m|[0m
[1m[96mhelp[0m[1m: Add quotes[0m
[1m[94m   [0m [1m[94m|[0m
[1m[94m434[0m [1m[94m|[0m     def _get_range(self, prop: str) -> RangeSummary[float] | None:
[1m[94m   [0m [1m[31m-[0m [31m        return [0m[1m[31mcast(RangeSummary[float][0m[0m[31m | [0m[1m[31mNone,[0m[0m[31m self.summaries.get_range(prop))
[0m[1m[94m435[0m [1m[32m+[0m [32m        return [0m[1m[32mcast("RangeSummary[float][0m[0m[32m | [0m[1m[32mNone",[0m[0m[32m self.summaries.get_range(prop))
[0m[1m[94m436[0m [1m[94m|[0m
[1m[94m   [0m [1m[94m|[0m

[1m[91m]8;;https://docs.astral.sh/ruff/rules/mutable-class-default\RUF012]8;;\[0m[1m Mutable default value for class attribute[0m
   [1m[94m--> [0msrc/pystac/extensions/sentinel2.py:663:26
    [1m[94m|[0m
[1m[94m661[0m [1m[94m|[0m class Sentinel2ExtensionHooks(ExtensionHooks):
[1m[94m662[0m [1m[94m|[0m     schema_uri: str = SCHEMA_URI
[1m[94m663[0m [1m[94m|[0m     prev_extension_ids = {"sentinel-2"}
    [1m[94m|[0m                          [1m[91m^^^^^^^^^^^^^^[0m
[1m[94m664[0m [1m[94m|[0m     stac_object_types = {pystac.STACObjectType.COLLECTION, pystac.STACObjectType.ITEM}
    [1m[94m|[0m
[1m[96mhelp[0m[1m: Consider initializing in `__init__` or annotating with `typing.ClassVar`[0m

[1m[91m]8;;https://docs.astral.sh/ruff/rules/mutable-class-default\RUF012]8;;\[0m[1m Mutable default value for class attribute[0m
   [1m[94m--> [0msrc/pystac/extensions/sentinel2.py:664:25
    [1m[94m|[0m
[1m[94m662[0m [1m[94m|[0m     schema_uri: str = SCHEMA_URI
[1m[94m663[0m [1m[94m|[0m     prev_extension_ids = {"sentinel-2"}
[1m[94m664[0m [1m[94m|[0m     stac_object_types = {pystac.STACObjectType.COLLECTION, pystac.STACObjectType.ITEM}
    [1m[94m|[0m                         [1m[91m^^^^^^^^^^^^^^^^^^^^^^^^^^^^^^^^^^^^^^^^^^^^^^^^^^^^^^^^^^^^^^[0m
[1m[96mhelp[0m[1m: Consider initializing in `__init__` or annotating with `typing.ClassVar`[0m

[1m[91m]8;;https://docs.astral.sh/ruff/rules/unsorted-imports\I001]8;;\[0m [[1m[96m*[0m][1m Import block is un-sorted or un-formatted[0m
  [1m[94m--> [0mtests/test_sentinel2.py:17:1
   [1m[94m|[0m
[1m[94m15[0m [1m[94m|[0m   """Tests for pystac.extensions.sentinel2."""
[1m[94m16[0m [1m[94m|[0m
[1m[94m17[0m [1m[94m|[0m [1m[91m/[0m from datetime import datetime
[1m[94m18[0m [1m[94m|[0m [1m[91m|[0m from typing import Any, cast
[1m[94m19[0m [1m[94m|[0m [1m[91m|[0m
[1m[94m20[0m [1m[94m|[0m [1m[91m|[0m import pytest
[1m[94m21[0m [1m[94m|[0m [1m[91m|[0m
[1m[94m22[0m [1m[94m|[0m [1m[91m|[0m import pystac
[1m[94m23[0m [1m[94m|[0m [1m[91m|[0m from pystac import Collection, ExtensionTypeError, Item
[1m[94m24[0m [1m[94m|[0m [1m[91m|[0m from pystac.extensions import sentinel2
[1m[94m25[0m [1m[94m|[0m [1m[91m|[0m from pystac.extensions.sentinel2 import (
[1m[94m26[0m [1m[94m|[0m [1m[91m|[0m     SCHEMA_URI,
[1m[94m27[0m [1m[94m|[0m [1m[91m|[0m     Sentinel2Extension,
[1m[94m28[0m [1m[94m|[0m [1m[91m|[0m     SummariesSentinel2Extension,
[1m[94m29[0m [1m[94m|[0m [1m[91m|[0m )
[1m[94m30[0m [1m[94m|[0m [1m[91m|[0m from pystac.summaries import RangeSummary
[1m[94m31[0m [1m[94m|[0m [1m[91m|[0m from pystac.utils import str_to_datetime
[1m[94m32[0m [1m[94m|[0m [1m[91m|[0m from tests.utils import TestCases
   [1m[94m|[0m [1m[91m|_________________________________^[0m
[1m[96mhelp[0m[1m: Organize imports[0m
[1m[94m  [0m [1m[94m|[0m
[1m[94m20[0m [1m[94m|[0m import pytest
[1m[94m21[0m [1m[32m+[0m [32mfrom pystac.summaries import RangeSummary
[0m[1m[94m22[0m [1m[32m+[0m [32mfrom pystac.utils import str_to_datetime
[0m[1m[94m23[0m [1m[32m+[0m [32mfrom tests.utils import TestCases
[0m[1m[94m24[0m [1m[94m|[0m
--------------------------------------------------------------------------------
[1m[94m32[0m [1m[94m|[0m )
[1m[94m  [0m [1m[31m-[0m [31mfrom pystac.summaries import RangeSummary
[0m[1m[94m  [0m [1m[31m-[0m [31mfrom pystac.utils import str_to_datetime
[0m[1m[94m  [0m [1m[31m-[0m [31mfrom tests.utils import TestCases
[0m[1m[94m33[0m [1m[94m|[0m
[1m[94m  [0m [1m[94m|[0m

[1m[91m]8;;https://docs.astral.sh/ruff/rules/magic-value-comparison\PLR2004]8;;\[0m[1m Magic value used in comparison, consider replacing `1.5` with a constant variable[0m
   [1m[94m--> [0mtests/test_sentinel2.py:107:36
    [1m[94m|[0m
[1m[94m105[0m [1m[94m|[0m     assert ext.generation_time == generation_time
[1m[94m106[0m [1m[94m|[0m     assert ext.processing_baseline == "02.13"
[1m[94m107[0m [1m[94m|[0m     assert ext.water_percentage == 1.5
    [1m[94m|[0m                                    [1m[91m^^^[0m
[1m[94m108[0m [1m[94m|[0m     assert ext.snow_ice_percentage == 0.2
[1m[94m109[0m [1m[94m|[0m     assert ext.vegetation_percentage == 34.7
    [1m[94m|[0m

[1m[91m]8;;https://docs.astral.sh/ruff/rules/magic-value-comparison\PLR2004]8;;\[0m[1m Magic value used in comparison, consider replacing `0.2` with a constant variable[0m
   [1m[94m--> [0mtests/test_sentinel2.py:108:39
    [1m[94m|[0m
[1m[94m106[0m [1m[94m|[0m     assert ext.processing_baseline == "02.13"
[1m[94m107[0m [1m[94m|[0m     assert ext.water_percentage == 1.5
[1m[94m108[0m [1m[94m|[0m     assert ext.snow_ice_percentage == 0.2
    [1m[94m|[0m                                       [1m[91m^^^[0m
[1m[94m109[0m [1m[94m|[0m     assert ext.vegetation_percentage == 34.7
[1m[94m110[0m [1m[94m|[0m     assert ext.reflectance_conversion_factor == 1.032
    [1m[94m|[0m

[1m[91m]8;;https://docs.astral.sh/ruff/rules/magic-value-comparison\PLR2004]8;;\[0m[1m Magic value used in comparison, consider replacing `34.7` with a constant variable[0m
   [1m[94m--> [0mtests/test_sentinel2.py:109:41
    [1m[94m|[0m
[1m[94m107[0m [1m[94m|[0m     assert ext.water_percentage == 1.5
[1m[94m108[0m [1m[94m|[0m     assert ext.snow_ice_percentage == 0.2
[1m[94m109[0m [1m[94m|[0m     assert ext.vegetation_percentage == 34.7
    [1m[94m|[0m                                         [1m[91m^^^^[0m
[1m[94m110[0m [1m[94m|[0m     assert ext.reflectance_conversion_factor == 1.032
[1m[94m111[0m [1m[94m|[0m     assert ext.mgrs_tile == "32TQM"
    [1m[94m|[0m

[1m[91m]8;;https://docs.astral.sh/ruff/rules/magic-value-comparison\PLR2004]8;;\[0m[1m Magic value used in comparison, consider replacing `1.032` with a constant variable[0m
   [1m[94m--> [0mtests/test_sentinel2.py:110:49
    [1m[94m|[0m
[1m[94m108[0m [1m[94m|[0m     assert ext.snow_ice_percentage == 0.2
[1m[94m109[0m [1m[94m|[0m     assert ext.vegetation_percentage == 34.7
[1m[94m110[0m [1m[94m|[0m     assert ext.reflectance_conversion_factor == 1.032
    [1m[94m|[0m                                                 [1m[91m^^^^^[0m
[1m[94m111[0m [1m[94m|[0m     assert ext.mgrs_tile == "32TQM"
    [1m[94m|[0m

[1m[91m]8;;https://docs.astral.sh/ruff/rules/magic-value-comparison\PLR2004]8;;\[0m[1m Magic value used in comparison, consider replacing `1.032` with a constant variable[0m
   [1m[94m--> [0mtests/test_sentinel2.py:149:49
    [1m[94m|[0m
[1m[94m147[0m [1m[94m|[0m         ext.tile_id == "S2A_OPER_MSI_L1C_TL_SGS__20200101T000000_A012345_T32TQM_N02.09"
[1m[94m148[0m [1m[94m|[0m     )
[1m[94m149[0m [1m[94m|[0m     assert ext.reflectance_conversion_factor == 1.032
    [1m[94m|[0m                                                 [1m[91m^^^^^[0m

[1m[91m]8;;https://docs.astral.sh/ruff/rules/magic-value-comparison\PLR2004]8;;\[0m[1m Magic value used in comparison, consider replacing `1.5` with a constant variable[0m
   [1m[94m--> [0mtests/test_sentinel2.py:163:64
    [1m[94m|[0m
[1m[94m161[0m [1m[94m|[0m     assert d["properties"][sentinel2.TILE_ID_PROP].startswith("S2A_OPER_MSI_L1C_TL")
[1m[94m162[0m [1m[94m|[0m     assert d["properties"][sentinel2.GENERATION_TIME_PROP] == "2020-01-02T03:04:05Z"
[1m[94m163[0m [1m[94m|[0m     assert d["properties"][sentinel2.WATER_PERCENTAGE_PROP] == 1.5
    [1m[94m|[0m                                                                [1m[91m^^^[0m
[1m[94m164[0m [1m[94m|[0m
[1m[94m165[0m [1m[94m|[0m     item = pystac.Item.from_dict(d)
    [1m[94m|[0m

[1m[91m]8;;https://docs.astral.sh/ruff/rules/magic-value-comparison\PLR2004]8;;\[0m[1m Magic value used in comparison, consider replacing `1.5` with a constant variable[0m
   [1m[94m--> [0mtests/test_sentinel2.py:168:36
    [1m[94m|[0m
[1m[94m166[0m [1m[94m|[0m     ext = Sentinel2Extension.ext(item)
[1m[94m167[0m [1m[94m|[0m     assert ext.generation_time == generation_time
[1m[94m168[0m [1m[94m|[0m     assert ext.water_percentage == 1.5
    [1m[94m|[0m                                    [1m[91m^^^[0m

[1m[91m]8;;https://docs.astral.sh/ruff/rules/runtime-cast-value\TC006]8;;\[0m [[1m[96m*[0m][1m Add quotes to type expression in `typing.cast()`[0m
   [1m[94m--> [0mtests/test_sentinel2.py:228:37
    [1m[94m|[0m
[1m[94m226[0m [1m[94m|[0m         match=r"Hint: Did you mean to use `Sentinel2Extension.summaries` instead\\?",
[1m[94m227[0m [1m[94m|[0m     ):
[1m[94m228[0m [1m[94m|[0m         Sentinel2Extension.ext(cast(Any, collection))
    [1m[94m|[0m                                     [1m[91m^^^[0m
[1m[96mhelp[0m[1m: Add quotes[0m
[1m[94m   [0m [1m[94m|[0m
[1m[94m227[0m [1m[94m|[0m     ):
[1m[94m   [0m [1m[31m-[0m [31m        [0m[1m[31mSentinel2Extension.ext(cast(Any,[0m[0m[31m collection))
[0m[1m[94m228[0m [1m[32m+[0m [32m        [0m[1m[32mSentinel2Extension.ext(cast("Any",[0m[0m[32m collection))
[0m[1m[94m229[0m [1m[94m|[0m
[1m[94m   [0m [1m[94m|[0m

Found 19 errors.
[[36m*[0m] 6 fixable with the `--fix` option (1 hidden fix can be enabled with the `--unsafe-fixes` option).

bandit (find common security issues).....................................[42mPassed[m
pytest...................................................................[41mFailed[m
[2m- hook id: pytest[m
[2m- exit code: 2[m

[92m───────────────────────────────── [0m[1;36mtest.py3.10[0m[92m ──────────────────────────────────[0m
[1m============================= test session starts ==============================[0m
platform linux -- Python 3.10.12, pytest-9.1.1, pluggy-1.6.0
rootdir: /home/stripodi/Documents/stac-extensions/pystac-ext-sentinel-2
configfile: pyproject.toml
plugins: cov-7.1.0
[1mcollecting ... [0m[1mcollected 0 items / 1 error                                                    [0m

==================================== ERRORS ====================================
[31m[1m___________________ ERROR collecting tests/test_sentinel2.py ___________________[0m
[31mImportError while importing test module '/home/stripodi/Documents/stac-extensions/pystac-ext-sentinel-2/tests/test_sentinel2.py'.
Hint: make sure your test modules/packages have valid Python names.
Traceback:
/usr/lib/python3.10/importlib/__init__.py:126: in import_module
    return _bootstrap._gcd_import(name[level:], package, level)
tests/test_sentinel2.py:32: in <module>
    from tests.utils import TestCases
E   ModuleNotFoundError: No module named 'tests'[0m
[36m[1m=========================== short test summary info ============================[0m
[31mERROR[0m tests/test_sentinel2.py
!!!!!!!!!!!!!!!!!!!! Interrupted: 1 error during collection !!!!!!!!!!!!!!!!!!!!
[31m=============================== [31m[1m1 error[0m[31m in 0.07s[0m[31m ===============================[0m

